
> build-resume@0.1.0 build
> next build

Γû▓ Next.js 16.1.6 (Turbopack)
- Environments: .env

  Creating an optimized production build ...
node.exe : 
At C:\Program Files\nodejs\npm.ps1:29 char:3
+   & $NODE_EXE $NPM_CLI_JS $args
+   ~~~~~~~~~~~~~~~~~~~~~~~~~~~~~
    + CategoryInfo          : NotSpecified: (:Str 
   ing) [], RemoteException
    + FullyQualifiedErrorId : NativeCommandError
 
> Build error occurred
Error: Turbopack build failed with 3 errors:
./src/utils/data.ts:1:1
Module not found: Can't resolve 
'../assets/Resume1.png'
[0m[31m[1m>[22m[39m[90m 1 |[39m 
[36mimport[39m [33mResume1[39m [36mfrom[39m 
[32m"../assets/Resume1.png"[39m
 [90m   |[39m [31m[1m^[22m[39m[31m[1m^[22
m[39m[31m[1m^[22m[39m[31m[1m^[22m[39m[31
m[1m^[22m[39m[31m[1m^[22m[39m[31m[1m^[22
m[39m[31m[1m^[22m[39m[31m[1m^[22m[39m[31
m[1m^[22m[39m[31m[1m^[22m[39m[31m[1m^[22
m[39m[31m[1m^[22m[39m[31m[1m^[22m[39m[31
m[1m^[22m[39m[31m[1m^[22m[39m[31m[1m^[22
m[39m[31m[1m^[22m[39m[31m[1m^[22m[39m[31
m[1m^[22m[39m[31m[1m^[22m[39m[31m[1m^[22
m[39m[31m[1m^[22m[39m[31m[1m^[22m[39m[31
m[1m^[22m[39m[31m[1m^[22m[39m[31m[1m^[22
m[39m[31m[1m^[22m[39m[31m[1m^[22m[39m[31
m[1m^[22m[39m[31m[1m^[22m[39m[31m[1m^[22
m[39m[31m[1m^[22m[39m[31m[1m^[22m[39m[31
m[1m^[22m[39m[31m[1m^[22m[39m[31m[1m^[22
m[39m[31m[1m^[22m[39m[31m[1m^[22m[39m[31
m[1m^[22m[39m[31m[1m^[22m[39m[31m[1m^[22
m[39m[31m[1m^[22m[39m
 [90m 2 |[39m [36mimport[39m 
[33mResume2[39m [36mfrom[39m 
[32m"../assets/Resume2.png"[39m
 [90m 3 |[39m [36mimport[39m 
[33mResume3[39m [36mfrom[39m 
[32m"../assets/Resume3.png"[39m
 [90m 4 |[39m[0m



Import traces:
  Client Component Browser:
    ./src/utils/data.ts [Client Component Browser]
    ./app/components/ThemeSelector.jsx [Client 
Component Browser]
    ./app/components/EditResume.jsx [Client 
Component Browser]
    ./app/components/EditResume.jsx [Server 
Component]
    ./app/editor/[id]/page.tsx [Server Component]

  Client Component SSR:
    ./src/utils/data.ts [Client Component SSR]
    ./app/components/ThemeSelector.jsx [Client 
Component SSR]
    ./app/components/EditResume.jsx [Client 
Component SSR]
    ./app/components/EditResume.jsx [Server 
Component]
    ./app/editor/[id]/page.tsx [Server Component]

https://nextjs.org/docs/messages/module-not-found


./src/utils/data.ts:2:1
Module not found: Can't resolve 
'../assets/Resume2.png'
[0m [90m 1 |[39m [36mimport[39m 
[33mResume1[39m [36mfrom[39m 
[32m"../assets/Resume1.png"[39m
[31m[1m>[22m[39m[90m 2 |[39m 
[36mimport[39m [33mResume2[39m [36mfrom[39m 
[32m"../assets/Resume2.png"[39m
 [90m   |[39m [31m[1m^[22m[39m[31m[1m^[22
m[39m[31m[1m^[22m[39m[31m[1m^[22m[39m[31
m[1m^[22m[39m[31m[1m^[22m[39m[31m[1m^[22
m[39m[31m[1m^[22m[39m[31m[1m^[22m[39m[31
m[1m^[22m[39m[31m[1m^[22m[39m[31m[1m^[22
m[39m[31m[1m^[22m[39m[31m[1m^[22m[39m[31
m[1m^[22m[39m[31m[1m^[22m[39m[31m[1m^[22
m[39m[31m[1m^[22m[39m[31m[1m^[22m[39m[31
m[1m^[22m[39m[31m[1m^[22m[39m[31m[1m^[22
m[39m[31m[1m^[22m[39m[31m[1m^[22m[39m[31
m[1m^[22m[39m[31m[1m^[22m[39m[31m[1m^[22
m[39m[31m[1m^[22m[39m[31m[1m^[22m[39m[31
m[1m^[22m[39m[31m[1m^[22m[39m[31m[1m^[22
m[39m[31m[1m^[22m[39m[31m[1m^[22m[39m[31
m[1m^[22m[39m[31m[1m^[22m[39m[31m[1m^[22
m[39m[31m[1m^[22m[39m[31m[1m^[22m[39m[31
m[1m^[22m[39m[31m[1m^[22m[39m[31m[1m^[22
m[39m[31m[1m^[22m[39m
 [90m 3 |[39m [36mimport[39m 
[33mResume3[39m [36mfrom[39m 
[32m"../assets/Resume3.png"[39m
 [90m 4 |[39m
 [90m 5 |[39m [90m// Keep this: Your UI needs 
to know which templates exist[39m[0m



Import traces:
  Client Component Browser:
    ./src/utils/data.ts [Client Component Browser]
    ./app/components/ThemeSelector.jsx [Client 
Component Browser]
    ./app/components/EditResume.jsx [Client 
Component Browser]
    ./app/components/EditResume.jsx [Server 
Component]
    ./app/editor/[id]/page.tsx [Server Component]

  Client Component SSR:
    ./src/utils/data.ts [Client Component SSR]
    ./app/components/ThemeSelector.jsx [Client 
Component SSR]
    ./app/components/EditResume.jsx [Client 
Component SSR]
    ./app/components/EditResume.jsx [Server 
Component]
    ./app/editor/[id]/page.tsx [Server Component]

https://nextjs.org/docs/messages/module-not-found


./src/utils/data.ts:3:1
Module not found: Can't resolve 
'../assets/Resume3.png'
[0m [90m 1 |[39m [36mimport[39m 
[33mResume1[39m [36mfrom[39m 
[32m"../assets/Resume1.png"[39m
 [90m 2 |[39m [36mimport[39m 
[33mResume2[39m [36mfrom[39m 
[32m"../assets/Resume2.png"[39m
[31m[1m>[22m[39m[90m 3 |[39m 
[36mimport[39m [33mResume3[39m [36mfrom[39m 
[32m"../assets/Resume3.png"[39m
 [90m   |[39m [31m[1m^[22m[39m[31m[1m^[22
m[39m[31m[1m^[22m[39m[31m[1m^[22m[39m[31
m[1m^[22m[39m[31m[1m^[22m[39m[31m[1m^[22
m[39m[31m[1m^[22m[39m[31m[1m^[22m[39m[31
m[1m^[22m[39m[31m[1m^[22m[39m[31m[1m^[22
m[39m[31m[1m^[22m[39m[31m[1m^[22m[39m[31
m[1m^[22m[39m[31m[1m^[22m[39m[31m[1m^[22
m[39m[31m[1m^[22m[39m[31m[1m^[22m[39m[31
m[1m^[22m[39m[31m[1m^[22m[39m[31m[1m^[22
m[39m[31m[1m^[22m[39m[31m[1m^[22m[39m[31
m[1m^[22m[39m[31m[1m^[22m[39m[31m[1m^[22
m[39m[31m[1m^[22m[39m[31m[1m^[22m[39m[31
m[1m^[22m[39m[31m[1m^[22m[39m[31m[1m^[22
m[39m[31m[1m^[22m[39m[31m[1m^[22m[39m[31
m[1m^[22m[39m[31m[1m^[22m[39m[31m[1m^[22
m[39m[31m[1m^[22m[39m[31m[1m^[22m[39m[31
m[1m^[22m[39m[31m[1m^[22m[39m[31m[1m^[22
m[39m[31m[1m^[22m[39m
 [90m 4 |[39m
 [90m 5 |[39m [90m// Keep this: Your UI needs 
to know which templates exist[39m
 [90m 6 |[39m [36mexport[39m [36mconst[39m 
resumeTemplates [33m=[39m [[0m



Import traces:
  Client Component Browser:
    ./src/utils/data.ts [Client Component Browser]
    ./app/components/ThemeSelector.jsx [Client 
Component Browser]
    ./app/components/EditResume.jsx [Client 
Component Browser]
    ./app/components/EditResume.jsx [Server 
Component]
    ./app/editor/[id]/page.tsx [Server Component]

  Client Component SSR:
    ./src/utils/data.ts [Client Component SSR]
    ./app/components/ThemeSelector.jsx [Client 
Component SSR]
    ./app/components/EditResume.jsx [Client 
Component SSR]
    ./app/components/EditResume.jsx [Server 
Component]
    ./app/editor/[id]/page.tsx [Server Component]

https://nextjs.org/docs/messages/module-not-found


    at <unknown> (./src/utils/data.ts:1:1)
    at <unknown> (https://nextjs.org/docs/messages
/module-not-found)
    at <unknown> (./src/utils/data.ts:2:1)
    at <unknown> (https://nextjs.org/docs/messages
/module-not-found)
    at <unknown> (./src/utils/data.ts:3:1)
    at <unknown> (https://nextjs.org/docs/messages
/module-not-found)
